=== TRINITY routing probe on new pool (port 8088) ===
--- Query: What is 17+25?
{
    "id": "chatcmpl-c3fcd72d034d4cdda3bb1f47",
    "object": "chat.completion",
    "created": 1785631569,
    "model": "trinity",
    "choices": [
        {
            "index": 0,
            "message": {
                "role": "assistant",
                "content": "42"
            },
            "finish_reason": "stop"
        }
    ],
    "usage": {
        "fugu_turns": 3,
        "fugu_trace": "Worker(3)\u2192Thinker(1)\u2192Verifier(1):verifier_accept"
    }
}
--- Query: Refactor this Python function to use list comprehensions and type hints.
{
    "id": "chatcmpl-a22d14e0eda24645867e360b",
    "object": "chat.completion",
    "created": 1785631588,
    "model": "trinity",
    "choices": [
        {
            "index": 0,
            "message": {
                "role": "assistant",
                "content": "I\u2019d be happy to refactor your Python function to use list comprehensions and type hints. However, I don\u2019t see the original function in your message.\n\nPlease paste the function source code, and I\u2019ll refactor it while preserving its original behavior."
            },
            "finish_reason": "stop"
        }
    ],
    "usage": {
        "fugu_turns": 3,
        "fugu_trace": "Thinker(3)\u2192Worker(3)\u2192Verifier(1):verifier_accept"
    }
}
